[raprosolutions.weebly.com/index.html]
[backblue.gif]
[fade.gif]
[index.html]
[raprosolutions.weebly.com/uploads/1/5/2/5/152585290/rapro-logo-removebg-preview.png]
[cdn2.editmysite.com/css/sites877f.css]
[cdn2.editmysite.com/css/old/fancybox0407.css]
[cdn2.editmysite.com/css/social-iconse89b.css]
[cdn2.editmysite.com/fonts/Josefin_Sans/fontc81e.css]
[cdn2.editmysite.com/fonts/Montserrat/fontc81e.css]
[raprosolutions.weebly.com/files/main_style9148.css]
[cdn2.editmysite.com/fonts/Lora/fontc81e.css]
[raprosolutions.weebly.com/files/templateArtifacts9148.js]
[cdn2.editmysite.com/js/jquery-1.8.3.min.js]
[www.google.com/recaptcha/api.js]
[raprosolutions.weebly.com/services.html]
[cdn2.editmysite.com/js/lang/en/stl8821.js]
[cdn2.editmysite.com/images/site/footer/footer-toast-published-image-1.png]
[raprosolutions.weebly.com/contact.html]
[raprosolutions.weebly.com/about.html]
[cdn2.editmysite.com/js/site/footerSignup877f.js]
[cdn2.editmysite.com/js/site/main877f.js]
[raprosolutions.weebly.com/files/theme/pluginsaef6.js]
[raprosolutions.weebly.com/files/theme/customaef6.js]
[raprosolutions.weebly.com/index.html]
[cdn2.editmysite.com/images/util/videojs/white-bar.png]
[cdn2.editmysite.com/images/util/videojs/@2x/white-bar.png]
[cdn2.editmysite.com/images/util/videojs/gradient.png]
[cdn2.editmysite.com/images/util/videojs/@2x/gradient.png]
[cdn2.editmysite.com/sprites/util/videojs-sacae758aa2.png]
[cdn2.editmysite.com/sprites/util/videojs/@2x-s2aff7e7d9a.png]
[cdn2.editmysite.com/js/wsnbn/snowday262.js]
[cdn2.editmysite.com/images/util/videojs/volume-filled.png]
[cdn2.editmysite.com/images/util/videojs/@2x/volume-filled.png]
[cdn2.editmysite.com/images/util/videojs/volume-mute.png]
[cdn2.editmysite.com/images/util/videojs/@2x/volume-mute.png]
[cdn2.editmysite.com/images/util/videojs/blue-bar.png]
[cdn2.editmysite.com/images/util/videojs/@2x/blue-bar.png]
[cdn2.editmysite.com/images/util/videojs/maximize-icon.png]
[cdn2.editmysite.com/images/util/videojs/@2x/maximize-icon.png]
[cdn2.editmysite.com/images/util/videojs/minimize-icon.png]
[cdn2.editmysite.com/images/util/videojs/@2x/minimize-icon.png]
[cdn2.editmysite.com/images/util/videojs/play-icon.png]
[cdn2.editmysite.com/images/util/videojs/@2x/play-icon.png]
[cdn2.editmysite.com/images/util/videojs/sad-face.png]
[cdn2.editmysite.com/images/util/videojs/@2x/sad-face.png]
[cdn2.editmysite.com/images/util/videojs/loading-icon.png]
[cdn2.editmysite.com/images/util/videojs/@2x/loading-icon.png]
[cdn2.editmysite.com/images/common/buttons/small_grey.png]
[cdn2.editmysite.com/js/site/main-customer-accounts-site877f.js]
[cdn2.editmysite.com/images/common/buttons/small_blue.png]
[cdn2.editmysite.com/images/old/button/large_grey.png]
[cdn2.editmysite.com/images/common/buttons/large_blue.png]
[cdn2.editmysite.com/images/common/search-light.png]
[cdn2.editmysite.com/images/common/social_icons.png]
[cdn2.editmysite.com/images/common/blog/blog-comment-button.png]
[cdn2.editmysite.com/images/common/blog/blog-comment-header.png]
[cdn2.editmysite.com/images/common/blog/blog-comment-pointer.png]
[cdn2.editmysite.com/images/common/blog/blog-comment-link.png]
[cdn2.editmysite.com/images/common/blog/blog-comment-header-author.png]
[cdn2.editmysite.com/images/common/blog/blog-comment-pointer-author.png]
[cdn2.editmysite.com/images/common/blog/blog-comment-field-bg.png]
[cdn2.editmysite.com/images/common/blog/dark-blog-comment-header.png]
[cdn2.editmysite.com/images/common/blog/dark-blog-comment-pointer.png]
[cdn2.editmysite.com/images/common/blog/dark-blog-comment-header-author.png]
[cdn2.editmysite.com/images/common/blog/dark-blog-comment-pointer-author.png]
[cdn2.editmysite.com/images/common/blog/dark-blog-comment-link.png]
[cdn2.editmysite.com/images/util/general/blank.gif]
[cdn2.editmysite.com/images/common/lightbox/prevlabel.gif]
[cdn2.editmysite.com/images/common/lightbox/nextlabel.gif]
[cdn2.editmysite.com/sprites/util/inputs/checkmarkBox-s7868418152.png]
[cdn2.editmysite.com/sprites/util/inputs/checkmarkBox/@2x-s211a47d318.png]
[cdn2.editmysite.com/images/util/inputs/search-input-bg.jpg]
[cdn2.editmysite.com/images/common/magnifying-glass.png]
[cdn2.editmysite.com/images/common/checkmarks/checkmark-mini.png]
[cdn2.editmysite.com/images/common/checkmarks/@2x/checkmark-mini.png]
[cdn2.editmysite.com/images/common/search-pagination-bg.png]
[cdn2.editmysite.com/images/util/general/top-triangle-000.png]
[cdn2.editmysite.com/images/util/general/bottom-triangle-000.png]
[cdn2.editmysite.com/images/util/general/top-triangle-000@2x.png]
[cdn2.editmysite.com/images/util/general/bottom-triangle-000@2x.png]
[cdn2.editmysite.com/sprites/common/social-icons-s5ea5500bdb.png]
[cdn2.editmysite.com/sprites/common/social-icons/@2x-s0ae7d70c70.png]
[cdn2.editmysite.com/sprites/site/mini-cart-s86c48effae.png]
[cdn2.editmysite.com/sprites/site/mini-cart/@2x-s576cbc3f90.png]
[cdn2.editmysite.com/images/loading.gif]
[cdn2.editmysite.com/sprites/site/mobile/commerce-sdf6d4e852c.png]
[cdn2.editmysite.com/sprites/site/mobile/commerce/@2x-s82f968c453.png]
[cdn2.editmysite.com/images/site/checkout/paypal.png]
[cdn2.editmysite.com/images/site/checkout/@2x/paypal.png]
[cdn2.editmysite.com/images/site/checkout/credit-cards.png]
[cdn2.editmysite.com/images/site/checkout/@2x/credit-cards.png]
[cdn2.editmysite.com/images/site/checkout/print.png]
[cdn2.editmysite.com/images/site/checkout/print@2x.png]
[cdn2.editmysite.com/images/vendor/select2/select2.png]
[cdn2.editmysite.com/images/vendor/select2/select2-spinner.gif]
[cdn2.editmysite.com/images/vendor/select2/select2x2.png]
[cdn2.editmysite.com/images/util/spinner/spinner-dark.png]
[cdn2.editmysite.com/images/util/spinner/spinner-light.png]
[cdn2.editmysite.com/images/util/loading-white-w24.gif]
[cdn2.editmysite.com/images/common/form_input_bg.gif]
[cdn2.editmysite.com/sprites/site/forms-s3786257308.png]
[cdn2.editmysite.com/sprites/site/forms/@2x-s47607b315a.png]
[cdn2.editmysite.com/images/blank.gif]
[cdn2.editmysite.com/images/old/photoswipe/loader.gif]
[cdn2.editmysite.com/images/old/photoswipe/error.gif]
[cdn2.editmysite.com/images/old/photoswipe/icons.png]
[cdn2.editmysite.com/images/old/photoswipe/icons@2x.png]
[cdn2.editmysite.com/css/sites877f.css]
[cdn2.editmysite.com/images/old/fancybox/fancybox_sprite.png]
[cdn2.editmysite.com/images/old/fancybox/fancybox_loading.gif]
[cdn2.editmysite.com/images/old/fancybox/blank.gif]
[cdn2.editmysite.com/images/old/fancybox/fancybox_overlay.png]
[cdn2.editmysite.com/css/old/fancybox0407.css]
[cdn2.editmysite.com/css/social-iconse89b.css]
[raprosolutions.weebly.com/files/theme/images/default-bg9148.jpg]
[raprosolutions.weebly.com/files/theme/images/select-dropdown9148.png]
[raprosolutions.weebly.com/files/main_style9148.css]
[cdn2.editmysite.com/fonts/Josefin_Sans/light.eot]
[cdn2.editmysite.com/fonts/Josefin_Sans/lightd41d.eot]
[cdn2.editmysite.com/fonts/Josefin_Sans/light.woff2]
[cdn2.editmysite.com/fonts/Josefin_Sans/light.woff]
[cdn2.editmysite.com/fonts/Josefin_Sans/light.ttf]
[cdn2.editmysite.com/fonts/Josefin_Sans/regular.eot]
[cdn2.editmysite.com/fonts/Josefin_Sans/regulard41d.eot]
[cdn2.editmysite.com/fonts/Josefin_Sans/regular.woff2]
[cdn2.editmysite.com/fonts/Josefin_Sans/regular.woff]
[cdn2.editmysite.com/fonts/Josefin_Sans/regular.ttf]
[cdn2.editmysite.com/fonts/Josefin_Sans/bold.eot]
[cdn2.editmysite.com/fonts/Josefin_Sans/boldd41d.eot]
[cdn2.editmysite.com/fonts/Josefin_Sans/bold.woff2]
[cdn2.editmysite.com/fonts/Josefin_Sans/bold.woff]
[cdn2.editmysite.com/fonts/Josefin_Sans/bold.ttf]
[cdn2.editmysite.com/fonts/Josefin_Sans/lightitalic.eot]
[cdn2.editmysite.com/fonts/Josefin_Sans/lightitalicd41d.eot]
[cdn2.editmysite.com/fonts/Josefin_Sans/lightitalic.woff2]
[cdn2.editmysite.com/fonts/Josefin_Sans/lightitalic.woff]
[cdn2.editmysite.com/fonts/Josefin_Sans/lightitalic.ttf]
[cdn2.editmysite.com/fonts/Josefin_Sans/italic.eot]
[cdn2.editmysite.com/fonts/Josefin_Sans/italicd41d.eot]
[cdn2.editmysite.com/fonts/Josefin_Sans/italic.woff2]
[cdn2.editmysite.com/fonts/Josefin_Sans/italic.woff]
[cdn2.editmysite.com/fonts/Josefin_Sans/italic.ttf]
[cdn2.editmysite.com/fonts/Josefin_Sans/bolditalic.eot]
[cdn2.editmysite.com/fonts/Josefin_Sans/bolditalicd41d.eot]
[cdn2.editmysite.com/fonts/Josefin_Sans/bolditalic.woff2]
[cdn2.editmysite.com/fonts/Josefin_Sans/bolditalic.woff]
[cdn2.editmysite.com/fonts/Josefin_Sans/fontc81e.css]
[cdn2.editmysite.com/fonts/Josefin_Sans/bolditalic.ttf]
[cdn2.editmysite.com/fonts/Montserrat/regular.eot]
[cdn2.editmysite.com/fonts/Montserrat/regulard41d.eot]
[cdn2.editmysite.com/fonts/Montserrat/regular.woff2]
[cdn2.editmysite.com/fonts/Montserrat/regular.woff]
[cdn2.editmysite.com/fonts/Montserrat/regular.ttf]
[cdn2.editmysite.com/fonts/Montserrat/bold.eot]
[cdn2.editmysite.com/fonts/Montserrat/bold.woff2]
[cdn2.editmysite.com/fonts/Montserrat/boldd41d.eot]
[cdn2.editmysite.com/fonts/Montserrat/bold.woff]
[cdn2.editmysite.com/fonts/Montserrat/bold.ttf]
[cdn2.editmysite.com/fonts/Montserrat/fontc81e.css]
[cdn2.editmysite.com/fonts/Lora/regular.woff2]
[cdn2.editmysite.com/fonts/Lora/regular.woff]
[cdn2.editmysite.com/fonts/Lora/regular.eot]
[cdn2.editmysite.com/fonts/Lora/regulard41d.eot]
[cdn2.editmysite.com/fonts/Lora/regular.ttf]
[cdn2.editmysite.com/fonts/Lora/bold.woff2]
[cdn2.editmysite.com/fonts/Lora/bold.eot]
[cdn2.editmysite.com/fonts/Lora/bold.woff]
[cdn2.editmysite.com/fonts/Lora/boldd41d.eot]
[cdn2.editmysite.com/fonts/Lora/italic.woff2]
[cdn2.editmysite.com/fonts/Lora/bold.ttf]
[cdn2.editmysite.com/fonts/Lora/italic.eot]
[cdn2.editmysite.com/fonts/Lora/italic.woff]
[cdn2.editmysite.com/fonts/Lora/italicd41d.eot]
[cdn2.editmysite.com/fonts/Lora/bolditalic.woff2]
[cdn2.editmysite.com/fonts/Lora/italic.ttf]
[cdn2.editmysite.com/fonts/Lora/bolditalic.eot]
[cdn2.editmysite.com/fonts/Lora/bolditalic.woff]
[cdn2.editmysite.com/fonts/Lora/fontc81e.css]
[raprosolutions.weebly.com/files/templateArtifacts9148.js]
[raprosolutions.weebly.com/services.html]
[raprosolutions.weebly.com/about.html]
[cdn2.editmysite.com/fonts/Lora/bolditalicd41d.eot]
[cdn2.editmysite.com/fonts/Lora/bolditalic.ttf]
[raprosolutions.weebly.com/cdn-cgi/l/email-protection.html]
[raprosolutions.weebly.com/contact.html]
[raprosolutions.weebly.com/cdn-cgi/scripts/5c5dd728/cloudflare-static/email-decode.min.js]
[raprosolutions.weebly.com/cdn-cgi/l/email-protection.html]
